// Jest Snapshot v1, https://goo.gl/fbAQLP

exports[`expect to render CardList component 1`] = `
<div>
  <Card
    email="BingChilling@gmail.com"
    id={1}
    key="1"
    name="John Cena"
  />
</div>
`;
